[2026-07-11 01:12:23] INFO  | Atlas is online.
[2026-07-11 01:12:50] INFO  | Atlas is online.
[2026-07-11 01:20:39] INFO  | Atlas is online.
[2026-07-11 01:29:04] INFO  | Running dependency checks...
[2026-07-11 01:29:04] INFO  | Found: logs
[2026-07-11 01:29:04] INFO  | Found: docs
[2026-07-11 01:29:04] INFO  | Found: atlas
[2026-07-11 01:29:04] INFO  | Dependency check passed.
[2026-07-11 01:29:04] INFO  | Atlas is online.
[2026-07-11 11:35:52] INFO  | Running dependency checks...
[2026-07-11 11:35:52] INFO  | Found: logs
[2026-07-11 11:35:52] INFO  | Found: docs
[2026-07-11 11:35:52] INFO  | Found: atlas
[2026-07-11 11:35:52] INFO  | Dependency check passed.
[2026-07-11 11:35:52] INFO  | Atlas is online.
[2026-07-11 11:48:17] INFO  | Boot sequence started.
[2026-07-11 11:48:17] INFO  | Running dependency checks...
[2026-07-11 11:48:17] INFO  | Found: logs
[2026-07-11 11:48:17] INFO  | Found: docs
[2026-07-11 11:48:17] INFO  | Found: atlas
[2026-07-11 11:48:17] INFO  | Dependency check passed.
[2026-07-11 11:48:17] INFO  | Boot sequence completed.
[2026-07-11 11:48:17] INFO  | Atlas is online.
[2026-07-11 11:57:54] INFO  | Boot sequence started.
[2026-07-11 11:57:54] INFO  | Running dependency checks...
[2026-07-11 11:57:54] INFO  | Found: logs
[2026-07-11 11:57:54] INFO  | Found: docs
[2026-07-11 11:57:54] INFO  | Found: atlas
[2026-07-11 11:57:54] INFO  | Dependency check passed.
[2026-07-11 11:57:54] INFO  | Boot sequence completed.
[2026-07-11 11:57:54] INFO  | Atlas is online.
[2026-07-11 13:09:20] INFO  | Boot sequence started.
[2026-07-11 13:09:20] INFO  | Running dependency checks...
[2026-07-11 13:09:20] INFO  | Found: logs
[2026-07-11 13:09:20] INFO  | Found: docs
[2026-07-11 13:09:20] INFO  | Found: atlas
[2026-07-11 13:09:20] INFO  | Dependency check passed.
[2026-07-11 13:09:20] INFO  | Boot sequence completed.
[2026-07-11 13:09:20] INFO  | Atlas is online.
[2026-07-11 13:20:48] INFO  | Boot sequence started.
[2026-07-11 13:20:48] INFO  | Running dependency checks...
[2026-07-11 13:20:48] INFO  | Found: logs
[2026-07-11 13:20:48] INFO  | Found: docs
[2026-07-11 13:20:48] INFO  | Found: atlas
[2026-07-11 13:20:48] INFO  | Dependency check passed.
[2026-07-11 13:20:48] INFO  | Memory Service started.
[2026-07-11 13:20:48] INFO  | Boot sequence completed.
[2026-07-11 13:20:48] INFO  | Atlas is online.
[2026-07-11 13:23:06] INFO  | Boot sequence started.
[2026-07-11 13:23:06] INFO  | Running dependency checks...
[2026-07-11 13:23:06] INFO  | Found: logs
[2026-07-11 13:23:06] INFO  | Found: docs
[2026-07-11 13:23:06] INFO  | Found: atlas
[2026-07-11 13:23:06] INFO  | Dependency check passed.
[2026-07-11 13:23:06] INFO  | Memory Service started.
[2026-07-11 13:23:06] INFO  | Boot sequence completed.
[2026-07-11 13:23:06] INFO  | Atlas is online.
[2026-07-11 13:48:27] INFO  | Boot sequence started.
[2026-07-11 13:48:27] INFO  | Running dependency checks...
[2026-07-11 13:48:27] INFO  | Found: logs
[2026-07-11 13:48:27] INFO  | Found: docs
[2026-07-11 13:48:27] INFO  | Found: atlas
[2026-07-11 13:48:27] INFO  | Dependency check passed.
[2026-07-11 13:48:27] INFO  | Memory Service started.
[2026-07-11 13:48:27] INFO  | Boot sequence completed.
[2026-07-11 13:48:27] INFO  | Atlas is online.
